[2025-04-08T14:48:08.264+0200][gc,init] CardTable entry size: 512
[2025-04-08T14:48:08.265+0200][gc     ] Using G1
[2025-04-08T14:48:08.269+0200][gc,init] Version: 21.0.2+13-LTS-58 (release)
[2025-04-08T14:48:08.269+0200][gc,init] CPUs: 6 total, 6 available
[2025-04-08T14:48:08.269+0200][gc,init] Memory: 16311M
[2025-04-08T14:48:08.269+0200][gc,init] Large Page Support: Disabled
[2025-04-08T14:48:08.269+0200][gc,init] NUMA Support: Disabled
[2025-04-08T14:48:08.269+0200][gc,init] Compressed Oops: Enabled (32-bit)
[2025-04-08T14:48:08.269+0200][gc,init] Heap Region Size: 1M
[2025-04-08T14:48:08.269+0200][gc,init] Heap Min Capacity: 1G
[2025-04-08T14:48:08.270+0200][gc,init] Heap Initial Capacity: 1G
[2025-04-08T14:48:08.270+0200][gc,init] Heap Max Capacity: 1G
[2025-04-08T14:48:08.270+0200][gc,init] Pre-touch: Disabled
[2025-04-08T14:48:08.270+0200][gc,init] Parallel Workers: 6
[2025-04-08T14:48:08.270+0200][gc,init] Concurrent Workers: 2
[2025-04-08T14:48:08.270+0200][gc,init] Concurrent Refinement Workers: 6
[2025-04-08T14:48:08.270+0200][gc,init] Periodic GC: Disabled
[2025-04-08T14:48:08.277+0200][gc,metaspace] CDS archive(s) mapped at: [0x0000024c21000000-0x0000024c21c90000-0x0000024c21c90000), size 13172736, SharedBaseAddress: 0x0000024c21000000, ArchiveRelocationMode: 1.
[2025-04-08T14:48:08.277+0200][gc,metaspace] Compressed class space mapped at: 0x0000024c22000000-0x0000024c62000000, reserved size: 1073741824
[2025-04-08T14:48:08.277+0200][gc,metaspace] Narrow klass base: 0x0000024c21000000, Narrow klass shift: 0, Narrow klass range: 0x100000000
[2025-04-08T14:48:09.055+0200][gc,start    ] GC(0) Pause Young (Normal) (G1 Evacuation Pause)
[2025-04-08T14:48:09.055+0200][gc,task     ] GC(0) Using 6 workers of 6 for evacuation
[2025-04-08T14:48:09.060+0200][gc,phases   ] GC(0)   Pre Evacuate Collection Set: 0.2ms
[2025-04-08T14:48:09.060+0200][gc,phases   ] GC(0)   Merge Heap Roots: 0.1ms
[2025-04-08T14:48:09.060+0200][gc,phases   ] GC(0)   Evacuate Collection Set: 3.5ms
[2025-04-08T14:48:09.060+0200][gc,phases   ] GC(0)   Post Evacuate Collection Set: 0.7ms
[2025-04-08T14:48:09.060+0200][gc,phases   ] GC(0)   Other: 0.3ms
[2025-04-08T14:48:09.060+0200][gc,heap     ] GC(0) Eden regions: 51->0(44)
[2025-04-08T14:48:09.060+0200][gc,heap     ] GC(0) Survivor regions: 0->7(7)
[2025-04-08T14:48:09.060+0200][gc,heap     ] GC(0) Old regions: 0->2
[2025-04-08T14:48:09.060+0200][gc,heap     ] GC(0) Humongous regions: 0->0
[2025-04-08T14:48:09.060+0200][gc,metaspace] GC(0) Metaspace: 15266K(15552K)->15266K(15552K) NonClass: 13579K(13760K)->13579K(13760K) Class: 1686K(1792K)->1686K(1792K)
[2025-04-08T14:48:09.060+0200][gc          ] GC(0) Pause Young (Normal) (G1 Evacuation Pause) 51M->8M(1024M) 4.975ms
[2025-04-08T14:48:09.060+0200][gc,cpu      ] GC(0) User=0.00s Sys=0.00s Real=0.00s
[2025-04-08T14:48:09.276+0200][gc,start    ] GC(1) Pause Young (Concurrent Start) (Metadata GC Threshold)
[2025-04-08T14:48:09.276+0200][gc,task     ] GC(1) Using 6 workers of 6 for evacuation
[2025-04-08T14:48:09.281+0200][gc,phases   ] GC(1)   Pre Evacuate Collection Set: 0.2ms
[2025-04-08T14:48:09.281+0200][gc,phases   ] GC(1)   Merge Heap Roots: 0.1ms
[2025-04-08T14:48:09.281+0200][gc,phases   ] GC(1)   Evacuate Collection Set: 3.2ms
[2025-04-08T14:48:09.281+0200][gc,phases   ] GC(1)   Post Evacuate Collection Set: 0.5ms
[2025-04-08T14:48:09.281+0200][gc,phases   ] GC(1)   Other: 0.1ms
[2025-04-08T14:48:09.281+0200][gc,heap     ] GC(1) Eden regions: 18->0(49)
[2025-04-08T14:48:09.281+0200][gc,heap     ] GC(1) Survivor regions: 7->2(7)
[2025-04-08T14:48:09.281+0200][gc,heap     ] GC(1) Old regions: 2->10
[2025-04-08T14:48:09.281+0200][gc,heap     ] GC(1) Humongous regions: 0->0
[2025-04-08T14:48:09.281+0200][gc,metaspace] GC(1) Metaspace: 21215K(21504K)->21215K(21504K) NonClass: 18670K(18816K)->18670K(18816K) Class: 2544K(2688K)->2544K(2688K)
[2025-04-08T14:48:09.281+0200][gc          ] GC(1) Pause Young (Concurrent Start) (Metadata GC Threshold) 26M->10M(1024M) 4.331ms
[2025-04-08T14:48:09.281+0200][gc,cpu      ] GC(1) User=0.06s Sys=0.03s Real=0.00s
[2025-04-08T14:48:09.281+0200][gc          ] GC(2) Concurrent Mark Cycle
[2025-04-08T14:48:09.281+0200][gc,marking  ] GC(2) Concurrent Scan Root Regions
[2025-04-08T14:48:09.282+0200][gc,marking  ] GC(2) Concurrent Scan Root Regions 1.406ms
[2025-04-08T14:48:09.282+0200][gc,marking  ] GC(2) Concurrent Mark
[2025-04-08T14:48:09.282+0200][gc,marking  ] GC(2) Concurrent Mark From Roots
[2025-04-08T14:48:09.282+0200][gc,task     ] GC(2) Using 2 workers of 2 for marking
[2025-04-08T14:48:09.284+0200][gc,marking  ] GC(2) Concurrent Mark From Roots 1.512ms
[2025-04-08T14:48:09.284+0200][gc,marking  ] GC(2) Concurrent Preclean
[2025-04-08T14:48:09.284+0200][gc,marking  ] GC(2) Concurrent Preclean 0.013ms
[2025-04-08T14:48:09.284+0200][gc,start    ] GC(2) Pause Remark
[2025-04-08T14:48:09.285+0200][gc          ] GC(2) Pause Remark 11M->11M(1024M) 1.408ms
[2025-04-08T14:48:09.285+0200][gc,cpu      ] GC(2) User=0.00s Sys=0.00s Real=0.00s
[2025-04-08T14:48:09.285+0200][gc,marking  ] GC(2) Concurrent Mark 3.152ms
[2025-04-08T14:48:09.285+0200][gc,marking  ] GC(2) Concurrent Rebuild Remembered Sets and Scrub Regions
[2025-04-08T14:48:09.287+0200][gc,marking  ] GC(2) Concurrent Rebuild Remembered Sets and Scrub Regions 1.670ms
[2025-04-08T14:48:09.287+0200][gc,start    ] GC(2) Pause Cleanup
[2025-04-08T14:48:09.287+0200][gc          ] GC(2) Pause Cleanup 11M->11M(1024M) 0.125ms
[2025-04-08T14:48:09.288+0200][gc,cpu      ] GC(2) User=0.00s Sys=0.00s Real=0.00s
[2025-04-08T14:48:09.288+0200][gc,marking  ] GC(2) Concurrent Clear Claimed Marks
[2025-04-08T14:48:09.288+0200][gc,marking  ] GC(2) Concurrent Clear Claimed Marks 0.021ms
[2025-04-08T14:48:09.288+0200][gc,marking  ] GC(2) Concurrent Cleanup for Next Mark
[2025-04-08T14:48:09.291+0200][gc,marking  ] GC(2) Concurrent Cleanup for Next Mark 2.927ms
[2025-04-08T14:48:09.291+0200][gc          ] GC(2) Concurrent Mark Cycle 9.838ms
[2025-04-08T14:48:10.128+0200][gc,start    ] GC(3) Pause Young (Normal) (G1 Evacuation Pause)
[2025-04-08T14:48:10.128+0200][gc,task     ] GC(3) Using 6 workers of 6 for evacuation
[2025-04-08T14:48:10.133+0200][gc,phases   ] GC(3)   Pre Evacuate Collection Set: 0.1ms
[2025-04-08T14:48:10.133+0200][gc,phases   ] GC(3)   Merge Heap Roots: 0.1ms
[2025-04-08T14:48:10.133+0200][gc,phases   ] GC(3)   Evacuate Collection Set: 3.9ms
[2025-04-08T14:48:10.133+0200][gc,phases   ] GC(3)   Post Evacuate Collection Set: 0.4ms
[2025-04-08T14:48:10.133+0200][gc,phases   ] GC(3)   Other: 0.1ms
[2025-04-08T14:48:10.133+0200][gc,heap     ] GC(3) Eden regions: 49->0(44)
[2025-04-08T14:48:10.133+0200][gc,heap     ] GC(3) Survivor regions: 2->7(7)
[2025-04-08T14:48:10.133+0200][gc,heap     ] GC(3) Old regions: 10->10
[2025-04-08T14:48:10.133+0200][gc,heap     ] GC(3) Humongous regions: 0->0
[2025-04-08T14:48:10.133+0200][gc,metaspace] GC(3) Metaspace: 34143K(34624K)->34143K(34624K) NonClass: 30237K(30528K)->30237K(30528K) Class: 3905K(4096K)->3905K(4096K)
[2025-04-08T14:48:10.133+0200][gc          ] GC(3) Pause Young (Normal) (G1 Evacuation Pause) 59M->15M(1024M) 4.864ms
[2025-04-08T14:48:10.133+0200][gc,cpu      ] GC(3) User=0.00s Sys=0.00s Real=0.00s
[2025-04-08T14:48:10.218+0200][gc,start    ] GC(4) Pause Young (Concurrent Start) (Metadata GC Threshold)
[2025-04-08T14:48:10.219+0200][gc,task     ] GC(4) Using 6 workers of 6 for evacuation
[2025-04-08T14:48:10.222+0200][gc,phases   ] GC(4)   Pre Evacuate Collection Set: 0.2ms
[2025-04-08T14:48:10.222+0200][gc,phases   ] GC(4)   Merge Heap Roots: 0.0ms
[2025-04-08T14:48:10.222+0200][gc,phases   ] GC(4)   Evacuate Collection Set: 3.1ms
[2025-04-08T14:48:10.222+0200][gc,phases   ] GC(4)   Post Evacuate Collection Set: 0.3ms
[2025-04-08T14:48:10.222+0200][gc,phases   ] GC(4)   Other: 0.1ms
[2025-04-08T14:48:10.222+0200][gc,heap     ] GC(4) Eden regions: 7->0(49)
[2025-04-08T14:48:10.222+0200][gc,heap     ] GC(4) Survivor regions: 7->2(7)
[2025-04-08T14:48:10.222+0200][gc,heap     ] GC(4) Old regions: 10->16
[2025-04-08T14:48:10.222+0200][gc,heap     ] GC(4) Humongous regions: 9->9
[2025-04-08T14:48:10.222+0200][gc,metaspace] GC(4) Metaspace: 35453K(35968K)->35453K(35968K) NonClass: 31380K(31680K)->31380K(31680K) Class: 4073K(4288K)->4073K(4288K)
[2025-04-08T14:48:10.222+0200][gc          ] GC(4) Pause Young (Concurrent Start) (Metadata GC Threshold) 31M->25M(1024M) 3.935ms
[2025-04-08T14:48:10.222+0200][gc          ] GC(5) Concurrent Mark Cycle
[2025-04-08T14:48:10.222+0200][gc,cpu      ] GC(4) User=0.00s Sys=0.00s Real=0.00s
[2025-04-08T14:48:10.222+0200][gc,marking  ] GC(5) Concurrent Scan Root Regions
[2025-04-08T14:48:10.225+0200][gc,marking  ] GC(5) Concurrent Scan Root Regions 2.457ms
[2025-04-08T14:48:10.225+0200][gc,marking  ] GC(5) Concurrent Mark
[2025-04-08T14:48:10.225+0200][gc,marking  ] GC(5) Concurrent Mark From Roots
[2025-04-08T14:48:10.225+0200][gc,task     ] GC(5) Using 2 workers of 2 for marking
[2025-04-08T14:48:10.229+0200][gc,marking  ] GC(5) Concurrent Mark From Roots 4.013ms
[2025-04-08T14:48:10.229+0200][gc,marking  ] GC(5) Concurrent Preclean
[2025-04-08T14:48:10.229+0200][gc,marking  ] GC(5) Concurrent Preclean 0.036ms
[2025-04-08T14:48:10.229+0200][gc,start    ] GC(5) Pause Remark
[2025-04-08T14:48:10.231+0200][gc          ] GC(5) Pause Remark 26M->26M(1024M) 1.496ms
[2025-04-08T14:48:10.231+0200][gc,cpu      ] GC(5) User=0.00s Sys=0.00s Real=0.00s
[2025-04-08T14:48:10.231+0200][gc,marking  ] GC(5) Concurrent Mark 6.074ms
[2025-04-08T14:48:10.231+0200][gc,marking  ] GC(5) Concurrent Rebuild Remembered Sets and Scrub Regions
[2025-04-08T14:48:10.234+0200][gc,marking  ] GC(5) Concurrent Rebuild Remembered Sets and Scrub Regions 2.890ms
[2025-04-08T14:48:10.235+0200][gc,start    ] GC(5) Pause Cleanup
[2025-04-08T14:48:10.235+0200][gc          ] GC(5) Pause Cleanup 27M->27M(1024M) 0.110ms
[2025-04-08T14:48:10.235+0200][gc,cpu      ] GC(5) User=0.00s Sys=0.00s Real=0.00s
[2025-04-08T14:48:10.235+0200][gc,marking  ] GC(5) Concurrent Clear Claimed Marks
[2025-04-08T14:48:10.235+0200][gc,marking  ] GC(5) Concurrent Clear Claimed Marks 0.056ms
[2025-04-08T14:48:10.235+0200][gc,marking  ] GC(5) Concurrent Cleanup for Next Mark
[2025-04-08T14:48:10.237+0200][gc,marking  ] GC(5) Concurrent Cleanup for Next Mark 2.540ms
[2025-04-08T14:48:10.237+0200][gc          ] GC(5) Concurrent Mark Cycle 14.983ms
[2025-04-08T14:48:10.718+0200][gc,start    ] GC(6) Pause Young (Prepare Mixed) (G1 Evacuation Pause)
[2025-04-08T14:48:10.718+0200][gc,task     ] GC(6) Using 6 workers of 6 for evacuation
[2025-04-08T14:48:10.722+0200][gc,phases   ] GC(6)   Pre Evacuate Collection Set: 0.1ms
[2025-04-08T14:48:10.722+0200][gc,phases   ] GC(6)   Merge Heap Roots: 0.0ms
[2025-04-08T14:48:10.722+0200][gc,phases   ] GC(6)   Evacuate Collection Set: 3.6ms
[2025-04-08T14:48:10.722+0200][gc,phases   ] GC(6)   Post Evacuate Collection Set: 0.5ms
[2025-04-08T14:48:10.722+0200][gc,phases   ] GC(6)   Other: 0.1ms
[2025-04-08T14:48:10.722+0200][gc,heap     ] GC(6) Eden regions: 49->0(44)
[2025-04-08T14:48:10.722+0200][gc,heap     ] GC(6) Survivor regions: 2->7(7)
[2025-04-08T14:48:10.722+0200][gc,heap     ] GC(6) Old regions: 16->17
[2025-04-08T14:48:10.722+0200][gc,heap     ] GC(6) Humongous regions: 9->9
[2025-04-08T14:48:10.722+0200][gc,metaspace] GC(6) Metaspace: 42873K(43712K)->42873K(43712K) NonClass: 37942K(38400K)->37942K(38400K) Class: 4931K(5312K)->4931K(5312K)
[2025-04-08T14:48:10.722+0200][gc          ] GC(6) Pause Young (Prepare Mixed) (G1 Evacuation Pause) 74M->32M(1024M) 4.502ms
[2025-04-08T14:48:10.722+0200][gc,cpu      ] GC(6) User=0.00s Sys=0.00s Real=0.00s
[2025-04-08T14:49:16.910+0200][gc,heap,exit] Heap
[2025-04-08T14:49:16.910+0200][gc,heap,exit]  garbage-first heap   total 1048576K, used 196957K [0x00000000c0000000, 0x0000000100000000)
[2025-04-08T14:49:16.910+0200][gc,heap,exit]   region size 1024K, 39 young (39936K), 7 survivors (7168K)
[2025-04-08T14:49:16.910+0200][gc,heap,exit]  Metaspace       used 46471K, committed 47552K, reserved 1114112K
[2025-04-08T14:49:16.910+0200][gc,heap,exit]   class space    used 5562K, committed 6016K, reserved 1048576K
