[2025-04-08T14:30:44.766+0200][gc,init] CardTable entry size: 512
[2025-04-08T14:30:44.767+0200][gc     ] Using G1
[2025-04-08T14:30:44.771+0200][gc,init] Version: 21.0.2+13-LTS-58 (release)
[2025-04-08T14:30:44.771+0200][gc,init] CPUs: 6 total, 6 available
[2025-04-08T14:30:44.771+0200][gc,init] Memory: 16311M
[2025-04-08T14:30:44.771+0200][gc,init] Large Page Support: Disabled
[2025-04-08T14:30:44.771+0200][gc,init] NUMA Support: Disabled
[2025-04-08T14:30:44.771+0200][gc,init] Compressed Oops: Enabled (32-bit)
[2025-04-08T14:30:44.771+0200][gc,init] Heap Region Size: 1M
[2025-04-08T14:30:44.771+0200][gc,init] Heap Min Capacity: 1G
[2025-04-08T14:30:44.771+0200][gc,init] Heap Initial Capacity: 1G
[2025-04-08T14:30:44.771+0200][gc,init] Heap Max Capacity: 1G
[2025-04-08T14:30:44.771+0200][gc,init] Pre-touch: Disabled
[2025-04-08T14:30:44.771+0200][gc,init] Parallel Workers: 6
[2025-04-08T14:30:44.771+0200][gc,init] Concurrent Workers: 2
[2025-04-08T14:30:44.771+0200][gc,init] Concurrent Refinement Workers: 6
[2025-04-08T14:30:44.771+0200][gc,init] Periodic GC: Disabled
[2025-04-08T14:30:44.780+0200][gc,metaspace] CDS archive(s) mapped at: [0x000001b7af000000-0x000001b7afc90000-0x000001b7afc90000), size 13172736, SharedBaseAddress: 0x000001b7af000000, ArchiveRelocationMode: 1.
[2025-04-08T14:30:44.780+0200][gc,metaspace] Compressed class space mapped at: 0x000001b7b0000000-0x000001b7f0000000, reserved size: 1073741824
[2025-04-08T14:30:44.780+0200][gc,metaspace] Narrow klass base: 0x000001b7af000000, Narrow klass shift: 0, Narrow klass range: 0x100000000
[2025-04-08T14:30:45.563+0200][gc,start    ] GC(0) Pause Young (Normal) (G1 Evacuation Pause)
[2025-04-08T14:30:45.563+0200][gc,task     ] GC(0) Using 6 workers of 6 for evacuation
[2025-04-08T14:30:45.568+0200][gc,phases   ] GC(0)   Pre Evacuate Collection Set: 0.2ms
[2025-04-08T14:30:45.568+0200][gc,phases   ] GC(0)   Merge Heap Roots: 0.1ms
[2025-04-08T14:30:45.568+0200][gc,phases   ] GC(0)   Evacuate Collection Set: 3.4ms
[2025-04-08T14:30:45.568+0200][gc,phases   ] GC(0)   Post Evacuate Collection Set: 0.7ms
[2025-04-08T14:30:45.568+0200][gc,phases   ] GC(0)   Other: 0.2ms
[2025-04-08T14:30:45.568+0200][gc,heap     ] GC(0) Eden regions: 51->0(44)
[2025-04-08T14:30:45.568+0200][gc,heap     ] GC(0) Survivor regions: 0->7(7)
[2025-04-08T14:30:45.568+0200][gc,heap     ] GC(0) Old regions: 0->2
[2025-04-08T14:30:45.568+0200][gc,heap     ] GC(0) Humongous regions: 0->0
[2025-04-08T14:30:45.568+0200][gc,metaspace] GC(0) Metaspace: 15209K(15488K)->15209K(15488K) NonClass: 13524K(13696K)->13524K(13696K) Class: 1684K(1792K)->1684K(1792K)
[2025-04-08T14:30:45.568+0200][gc          ] GC(0) Pause Young (Normal) (G1 Evacuation Pause) 51M->8M(1024M) 4.938ms
[2025-04-08T14:30:45.568+0200][gc,cpu      ] GC(0) User=0.00s Sys=0.00s Real=0.01s
[2025-04-08T14:30:45.775+0200][gc,start    ] GC(1) Pause Young (Concurrent Start) (Metadata GC Threshold)
[2025-04-08T14:30:45.775+0200][gc,task     ] GC(1) Using 6 workers of 6 for evacuation
[2025-04-08T14:30:45.779+0200][gc,phases   ] GC(1)   Pre Evacuate Collection Set: 0.2ms
[2025-04-08T14:30:45.779+0200][gc,phases   ] GC(1)   Merge Heap Roots: 0.1ms
[2025-04-08T14:30:45.779+0200][gc,phases   ] GC(1)   Evacuate Collection Set: 2.8ms
[2025-04-08T14:30:45.779+0200][gc,phases   ] GC(1)   Post Evacuate Collection Set: 0.5ms
[2025-04-08T14:30:45.779+0200][gc,phases   ] GC(1)   Other: 0.1ms
[2025-04-08T14:30:45.779+0200][gc,heap     ] GC(1) Eden regions: 18->0(49)
[2025-04-08T14:30:45.779+0200][gc,heap     ] GC(1) Survivor regions: 7->2(7)
[2025-04-08T14:30:45.779+0200][gc,heap     ] GC(1) Old regions: 2->9
[2025-04-08T14:30:45.779+0200][gc,heap     ] GC(1) Humongous regions: 0->0
[2025-04-08T14:30:45.779+0200][gc,metaspace] GC(1) Metaspace: 21231K(21504K)->21231K(21504K) NonClass: 18689K(18816K)->18689K(18816K) Class: 2541K(2688K)->2541K(2688K)
[2025-04-08T14:30:45.779+0200][gc          ] GC(1) Pause Young (Concurrent Start) (Metadata GC Threshold) 26M->10M(1024M) 3.910ms
[2025-04-08T14:30:45.779+0200][gc,cpu      ] GC(1) User=0.00s Sys=0.00s Real=0.00s
[2025-04-08T14:30:45.779+0200][gc          ] GC(2) Concurrent Mark Cycle
[2025-04-08T14:30:45.779+0200][gc,marking  ] GC(2) Concurrent Scan Root Regions
[2025-04-08T14:30:45.781+0200][gc,marking  ] GC(2) Concurrent Scan Root Regions 1.448ms
[2025-04-08T14:30:45.781+0200][gc,marking  ] GC(2) Concurrent Mark
[2025-04-08T14:30:45.781+0200][gc,marking  ] GC(2) Concurrent Mark From Roots
[2025-04-08T14:30:45.781+0200][gc,task     ] GC(2) Using 2 workers of 2 for marking
[2025-04-08T14:30:45.782+0200][gc,marking  ] GC(2) Concurrent Mark From Roots 1.428ms
[2025-04-08T14:30:45.782+0200][gc,marking  ] GC(2) Concurrent Preclean
[2025-04-08T14:30:45.782+0200][gc,marking  ] GC(2) Concurrent Preclean 0.012ms
[2025-04-08T14:30:45.782+0200][gc,start    ] GC(2) Pause Remark
[2025-04-08T14:30:45.784+0200][gc          ] GC(2) Pause Remark 10M->10M(1024M) 1.444ms
[2025-04-08T14:30:45.784+0200][gc,cpu      ] GC(2) User=0.00s Sys=0.00s Real=0.00s
[2025-04-08T14:30:45.784+0200][gc,marking  ] GC(2) Concurrent Mark 3.045ms
[2025-04-08T14:30:45.784+0200][gc,marking  ] GC(2) Concurrent Rebuild Remembered Sets and Scrub Regions
[2025-04-08T14:30:45.785+0200][gc,marking  ] GC(2) Concurrent Rebuild Remembered Sets and Scrub Regions 1.289ms
[2025-04-08T14:30:45.785+0200][gc,start    ] GC(2) Pause Cleanup
[2025-04-08T14:30:45.785+0200][gc          ] GC(2) Pause Cleanup 10M->10M(1024M) 0.120ms
[2025-04-08T14:30:45.785+0200][gc,cpu      ] GC(2) User=0.00s Sys=0.00s Real=0.00s
[2025-04-08T14:30:45.785+0200][gc,marking  ] GC(2) Concurrent Clear Claimed Marks
[2025-04-08T14:30:45.785+0200][gc,marking  ] GC(2) Concurrent Clear Claimed Marks 0.022ms
[2025-04-08T14:30:45.785+0200][gc,marking  ] GC(2) Concurrent Cleanup for Next Mark
[2025-04-08T14:30:45.789+0200][gc,marking  ] GC(2) Concurrent Cleanup for Next Mark 3.322ms
[2025-04-08T14:30:45.789+0200][gc          ] GC(2) Concurrent Mark Cycle 9.605ms
[2025-04-08T14:30:46.411+0200][gc,start    ] GC(3) Pause Young (Normal) (G1 Evacuation Pause)
[2025-04-08T14:30:46.411+0200][gc,task     ] GC(3) Using 6 workers of 6 for evacuation
[2025-04-08T14:30:46.414+0200][gc,phases   ] GC(3)   Pre Evacuate Collection Set: 0.2ms
[2025-04-08T14:30:46.414+0200][gc,phases   ] GC(3)   Merge Heap Roots: 0.1ms
[2025-04-08T14:30:46.414+0200][gc,phases   ] GC(3)   Evacuate Collection Set: 2.8ms
[2025-04-08T14:30:46.415+0200][gc,phases   ] GC(3)   Post Evacuate Collection Set: 0.6ms
[2025-04-08T14:30:46.415+0200][gc,phases   ] GC(3)   Other: 0.1ms
[2025-04-08T14:30:46.415+0200][gc,heap     ] GC(3) Eden regions: 49->0(44)
[2025-04-08T14:30:46.415+0200][gc,heap     ] GC(3) Survivor regions: 2->7(7)
[2025-04-08T14:30:46.415+0200][gc,heap     ] GC(3) Old regions: 9->9
[2025-04-08T14:30:46.415+0200][gc,heap     ] GC(3) Humongous regions: 9->9
[2025-04-08T14:30:46.415+0200][gc,metaspace] GC(3) Metaspace: 34213K(34688K)->34213K(34688K) NonClass: 30286K(30528K)->30286K(30528K) Class: 3927K(4160K)->3927K(4160K)
[2025-04-08T14:30:46.415+0200][gc          ] GC(3) Pause Young (Normal) (G1 Evacuation Pause) 68M->24M(1024M) 3.952ms
[2025-04-08T14:30:46.415+0200][gc,cpu      ] GC(3) User=0.00s Sys=0.00s Real=0.00s
[2025-04-08T14:30:46.468+0200][gc,start    ] GC(4) Pause Young (Concurrent Start) (Metadata GC Threshold)
[2025-04-08T14:30:46.468+0200][gc,task     ] GC(4) Using 6 workers of 6 for evacuation
[2025-04-08T14:30:46.472+0200][gc,phases   ] GC(4)   Pre Evacuate Collection Set: 0.3ms
[2025-04-08T14:30:46.472+0200][gc,phases   ] GC(4)   Merge Heap Roots: 0.1ms
[2025-04-08T14:30:46.472+0200][gc,phases   ] GC(4)   Evacuate Collection Set: 2.9ms
[2025-04-08T14:30:46.472+0200][gc,phases   ] GC(4)   Post Evacuate Collection Set: 0.7ms
[2025-04-08T14:30:46.472+0200][gc,phases   ] GC(4)   Other: 0.1ms
[2025-04-08T14:30:46.472+0200][gc,heap     ] GC(4) Eden regions: 6->0(50)
[2025-04-08T14:30:46.472+0200][gc,heap     ] GC(4) Survivor regions: 7->1(7)
[2025-04-08T14:30:46.472+0200][gc,heap     ] GC(4) Old regions: 9->15
[2025-04-08T14:30:46.472+0200][gc,heap     ] GC(4) Humongous regions: 9->9
[2025-04-08T14:30:46.472+0200][gc,metaspace] GC(4) Metaspace: 35421K(35968K)->35421K(35968K) NonClass: 31311K(31616K)->31311K(31616K) Class: 4109K(4352K)->4109K(4352K)
[2025-04-08T14:30:46.472+0200][gc          ] GC(4) Pause Young (Concurrent Start) (Metadata GC Threshold) 29M->24M(1024M) 4.246ms
[2025-04-08T14:30:46.472+0200][gc,cpu      ] GC(4) User=0.00s Sys=0.00s Real=0.00s
[2025-04-08T14:30:46.472+0200][gc          ] GC(5) Concurrent Mark Cycle
[2025-04-08T14:30:46.472+0200][gc,marking  ] GC(5) Concurrent Scan Root Regions
[2025-04-08T14:30:46.474+0200][gc,marking  ] GC(5) Concurrent Scan Root Regions 2.012ms
[2025-04-08T14:30:46.474+0200][gc,marking  ] GC(5) Concurrent Mark
[2025-04-08T14:30:46.474+0200][gc,marking  ] GC(5) Concurrent Mark From Roots
[2025-04-08T14:30:46.474+0200][gc,task     ] GC(5) Using 2 workers of 2 for marking
[2025-04-08T14:30:46.478+0200][gc,marking  ] GC(5) Concurrent Mark From Roots 4.303ms
[2025-04-08T14:30:46.478+0200][gc,marking  ] GC(5) Concurrent Preclean
[2025-04-08T14:30:46.478+0200][gc,marking  ] GC(5) Concurrent Preclean 0.033ms
[2025-04-08T14:30:46.479+0200][gc,start    ] GC(5) Pause Remark
[2025-04-08T14:30:46.480+0200][gc          ] GC(5) Pause Remark 25M->25M(1024M) 1.365ms
[2025-04-08T14:30:46.480+0200][gc,cpu      ] GC(5) User=0.00s Sys=0.00s Real=0.00s
[2025-04-08T14:30:46.480+0200][gc,marking  ] GC(5) Concurrent Mark 5.888ms
[2025-04-08T14:30:46.480+0200][gc,marking  ] GC(5) Concurrent Rebuild Remembered Sets and Scrub Regions
[2025-04-08T14:30:46.483+0200][gc,marking  ] GC(5) Concurrent Rebuild Remembered Sets and Scrub Regions 3.054ms
[2025-04-08T14:30:46.483+0200][gc,start    ] GC(5) Pause Cleanup
[2025-04-08T14:30:46.483+0200][gc          ] GC(5) Pause Cleanup 25M->25M(1024M) 0.108ms
[2025-04-08T14:30:46.483+0200][gc,cpu      ] GC(5) User=0.00s Sys=0.00s Real=0.00s
[2025-04-08T14:30:46.483+0200][gc,marking  ] GC(5) Concurrent Clear Claimed Marks
[2025-04-08T14:30:46.484+0200][gc,marking  ] GC(5) Concurrent Clear Claimed Marks 0.062ms
[2025-04-08T14:30:46.484+0200][gc,marking  ] GC(5) Concurrent Cleanup for Next Mark
[2025-04-08T14:30:46.486+0200][gc,marking  ] GC(5) Concurrent Cleanup for Next Mark 2.041ms
[2025-04-08T14:30:46.486+0200][gc          ] GC(5) Concurrent Mark Cycle 13.608ms
[2025-04-08T14:31:31.884+0200][gc,start    ] GC(6) Pause Young (Prepare Mixed) (G1 Evacuation Pause)
[2025-04-08T14:31:31.884+0200][gc,task     ] GC(6) Using 6 workers of 6 for evacuation
[2025-04-08T14:31:31.889+0200][gc,phases   ] GC(6)   Pre Evacuate Collection Set: 0.2ms
[2025-04-08T14:31:31.889+0200][gc,phases   ] GC(6)   Merge Heap Roots: 0.1ms
[2025-04-08T14:31:31.889+0200][gc,phases   ] GC(6)   Evacuate Collection Set: 3.7ms
[2025-04-08T14:31:31.889+0200][gc,phases   ] GC(6)   Post Evacuate Collection Set: 0.6ms
[2025-04-08T14:31:31.889+0200][gc,phases   ] GC(6)   Other: 0.1ms
[2025-04-08T14:31:31.889+0200][gc,heap     ] GC(6) Eden regions: 50->0(44)
[2025-04-08T14:31:31.889+0200][gc,heap     ] GC(6) Survivor regions: 1->7(7)
[2025-04-08T14:31:31.889+0200][gc,heap     ] GC(6) Old regions: 15->17
[2025-04-08T14:31:31.889+0200][gc,heap     ] GC(6) Humongous regions: 138->138
[2025-04-08T14:31:31.889+0200][gc,metaspace] GC(6) Metaspace: 43663K(44544K)->43663K(44544K) NonClass: 38592K(39104K)->38592K(39104K) Class: 5071K(5440K)->5071K(5440K)
[2025-04-08T14:31:31.889+0200][gc          ] GC(6) Pause Young (Prepare Mixed) (G1 Evacuation Pause) 203M->161M(1024M) 4.900ms
[2025-04-08T14:31:31.889+0200][gc,cpu      ] GC(6) User=0.00s Sys=0.00s Real=0.00s
[2025-04-08T14:41:59.151+0200][gc,start    ] GC(7) Pause Young (Mixed) (G1 Evacuation Pause)
[2025-04-08T14:41:59.151+0200][gc,task     ] GC(7) Using 6 workers of 6 for evacuation
[2025-04-08T14:41:59.160+0200][gc,phases   ] GC(7)   Pre Evacuate Collection Set: 0.6ms
[2025-04-08T14:41:59.160+0200][gc,phases   ] GC(7)   Merge Heap Roots: 0.3ms
[2025-04-08T14:41:59.160+0200][gc,phases   ] GC(7)   Evacuate Collection Set: 7.3ms
[2025-04-08T14:41:59.160+0200][gc,phases   ] GC(7)   Post Evacuate Collection Set: 0.6ms
[2025-04-08T14:41:59.160+0200][gc,phases   ] GC(7)   Other: 0.2ms
[2025-04-08T14:41:59.160+0200][gc,heap     ] GC(7) Eden regions: 44->0(49)
[2025-04-08T14:41:59.160+0200][gc,heap     ] GC(7) Survivor regions: 7->2(7)
[2025-04-08T14:41:59.160+0200][gc,heap     ] GC(7) Old regions: 17->24
[2025-04-08T14:41:59.160+0200][gc,heap     ] GC(7) Humongous regions: 138->138
[2025-04-08T14:41:59.160+0200][gc,metaspace] GC(7) Metaspace: 44855K(45696K)->44855K(45696K) NonClass: 39765K(40256K)->39765K(40256K) Class: 5090K(5440K)->5090K(5440K)
[2025-04-08T14:41:59.161+0200][gc          ] GC(7) Pause Young (Mixed) (G1 Evacuation Pause) 205M->162M(1024M) 9.379ms
[2025-04-08T14:41:59.161+0200][gc,cpu      ] GC(7) User=0.08s Sys=0.00s Real=0.01s
[2025-04-08T14:47:10.508+0200][gc,heap,exit] Heap
[2025-04-08T14:47:10.508+0200][gc,heap,exit]  garbage-first heap   total 1048576K, used 208543K [0x00000000c0000000, 0x0000000100000000)
[2025-04-08T14:47:10.508+0200][gc,heap,exit]   region size 1024K, 44 young (45056K), 2 survivors (2048K)
[2025-04-08T14:47:10.508+0200][gc,heap,exit]  Metaspace       used 47327K, committed 48320K, reserved 1114112K
[2025-04-08T14:47:10.508+0200][gc,heap,exit]   class space    used 5564K, committed 6016K, reserved 1048576K
