[2025-04-08T14:47:17.288+0200][gc,init] CardTable entry size: 512
[2025-04-08T14:47:17.289+0200][gc     ] Using G1
[2025-04-08T14:47:17.293+0200][gc,init] Version: 21.0.2+13-LTS-58 (release)
[2025-04-08T14:47:17.293+0200][gc,init] CPUs: 6 total, 6 available
[2025-04-08T14:47:17.293+0200][gc,init] Memory: 16311M
[2025-04-08T14:47:17.293+0200][gc,init] Large Page Support: Disabled
[2025-04-08T14:47:17.293+0200][gc,init] NUMA Support: Disabled
[2025-04-08T14:47:17.293+0200][gc,init] Compressed Oops: Enabled (32-bit)
[2025-04-08T14:47:17.293+0200][gc,init] Heap Region Size: 1M
[2025-04-08T14:47:17.293+0200][gc,init] Heap Min Capacity: 1G
[2025-04-08T14:47:17.294+0200][gc,init] Heap Initial Capacity: 1G
[2025-04-08T14:47:17.294+0200][gc,init] Heap Max Capacity: 1G
[2025-04-08T14:47:17.294+0200][gc,init] Pre-touch: Disabled
[2025-04-08T14:47:17.294+0200][gc,init] Parallel Workers: 6
[2025-04-08T14:47:17.294+0200][gc,init] Concurrent Workers: 2
[2025-04-08T14:47:17.294+0200][gc,init] Concurrent Refinement Workers: 6
[2025-04-08T14:47:17.294+0200][gc,init] Periodic GC: Disabled
[2025-04-08T14:47:17.302+0200][gc,metaspace] CDS archive(s) mapped at: [0x0000021024000000-0x0000021024c90000-0x0000021024c90000), size 13172736, SharedBaseAddress: 0x0000021024000000, ArchiveRelocationMode: 1.
[2025-04-08T14:47:17.302+0200][gc,metaspace] Compressed class space mapped at: 0x0000021025000000-0x0000021065000000, reserved size: 1073741824
[2025-04-08T14:47:17.302+0200][gc,metaspace] Narrow klass base: 0x0000021024000000, Narrow klass shift: 0, Narrow klass range: 0x100000000
[2025-04-08T14:47:18.108+0200][gc,start    ] GC(0) Pause Young (Normal) (G1 Evacuation Pause)
[2025-04-08T14:47:18.108+0200][gc,task     ] GC(0) Using 6 workers of 6 for evacuation
[2025-04-08T14:47:18.113+0200][gc,phases   ] GC(0)   Pre Evacuate Collection Set: 0.2ms
[2025-04-08T14:47:18.113+0200][gc,phases   ] GC(0)   Merge Heap Roots: 0.1ms
[2025-04-08T14:47:18.113+0200][gc,phases   ] GC(0)   Evacuate Collection Set: 3.5ms
[2025-04-08T14:47:18.113+0200][gc,phases   ] GC(0)   Post Evacuate Collection Set: 0.7ms
[2025-04-08T14:47:18.113+0200][gc,phases   ] GC(0)   Other: 0.2ms
[2025-04-08T14:47:18.113+0200][gc,heap     ] GC(0) Eden regions: 51->0(44)
[2025-04-08T14:47:18.113+0200][gc,heap     ] GC(0) Survivor regions: 0->7(7)
[2025-04-08T14:47:18.113+0200][gc,heap     ] GC(0) Old regions: 0->2
[2025-04-08T14:47:18.113+0200][gc,heap     ] GC(0) Humongous regions: 0->0
[2025-04-08T14:47:18.113+0200][gc,metaspace] GC(0) Metaspace: 15322K(15552K)->15322K(15552K) NonClass: 13638K(13760K)->13638K(13760K) Class: 1684K(1792K)->1684K(1792K)
[2025-04-08T14:47:18.113+0200][gc          ] GC(0) Pause Young (Normal) (G1 Evacuation Pause) 51M->8M(1024M) 4.925ms
[2025-04-08T14:47:18.113+0200][gc,cpu      ] GC(0) User=0.00s Sys=0.00s Real=0.00s
[2025-04-08T14:47:18.324+0200][gc,start    ] GC(1) Pause Young (Concurrent Start) (Metadata GC Threshold)
[2025-04-08T14:47:18.325+0200][gc,task     ] GC(1) Using 6 workers of 6 for evacuation
[2025-04-08T14:47:18.329+0200][gc,phases   ] GC(1)   Pre Evacuate Collection Set: 0.2ms
[2025-04-08T14:47:18.329+0200][gc,phases   ] GC(1)   Merge Heap Roots: 0.1ms
[2025-04-08T14:47:18.329+0200][gc,phases   ] GC(1)   Evacuate Collection Set: 3.2ms
[2025-04-08T14:47:18.329+0200][gc,phases   ] GC(1)   Post Evacuate Collection Set: 0.6ms
[2025-04-08T14:47:18.329+0200][gc,phases   ] GC(1)   Other: 0.1ms
[2025-04-08T14:47:18.329+0200][gc,heap     ] GC(1) Eden regions: 17->0(49)
[2025-04-08T14:47:18.329+0200][gc,heap     ] GC(1) Survivor regions: 7->2(7)
[2025-04-08T14:47:18.329+0200][gc,heap     ] GC(1) Old regions: 2->9
[2025-04-08T14:47:18.329+0200][gc,heap     ] GC(1) Humongous regions: 0->0
[2025-04-08T14:47:18.329+0200][gc,metaspace] GC(1) Metaspace: 21212K(21504K)->21212K(21504K) NonClass: 18673K(18816K)->18673K(18816K) Class: 2538K(2688K)->2538K(2688K)
[2025-04-08T14:47:18.329+0200][gc          ] GC(1) Pause Young (Concurrent Start) (Metadata GC Threshold) 25M->10M(1024M) 4.419ms
[2025-04-08T14:47:18.329+0200][gc,cpu      ] GC(1) User=0.06s Sys=0.03s Real=0.01s
[2025-04-08T14:47:18.329+0200][gc          ] GC(2) Concurrent Mark Cycle
[2025-04-08T14:47:18.329+0200][gc,marking  ] GC(2) Concurrent Scan Root Regions
[2025-04-08T14:47:18.331+0200][gc,marking  ] GC(2) Concurrent Scan Root Regions 1.485ms
[2025-04-08T14:47:18.331+0200][gc,marking  ] GC(2) Concurrent Mark
[2025-04-08T14:47:18.331+0200][gc,marking  ] GC(2) Concurrent Mark From Roots
[2025-04-08T14:47:18.331+0200][gc,task     ] GC(2) Using 2 workers of 2 for marking
[2025-04-08T14:47:18.332+0200][gc,marking  ] GC(2) Concurrent Mark From Roots 1.343ms
[2025-04-08T14:47:18.332+0200][gc,marking  ] GC(2) Concurrent Preclean
[2025-04-08T14:47:18.332+0200][gc,marking  ] GC(2) Concurrent Preclean 0.014ms
[2025-04-08T14:47:18.332+0200][gc,start    ] GC(2) Pause Remark
[2025-04-08T14:47:18.333+0200][gc          ] GC(2) Pause Remark 11M->11M(1024M) 1.253ms
[2025-04-08T14:47:18.333+0200][gc,cpu      ] GC(2) User=0.00s Sys=0.00s Real=0.00s
[2025-04-08T14:47:18.333+0200][gc,marking  ] GC(2) Concurrent Mark 2.801ms
[2025-04-08T14:47:18.333+0200][gc,marking  ] GC(2) Concurrent Rebuild Remembered Sets and Scrub Regions
[2025-04-08T14:47:18.334+0200][gc,marking  ] GC(2) Concurrent Rebuild Remembered Sets and Scrub Regions 0.613ms
[2025-04-08T14:47:18.334+0200][gc,start    ] GC(2) Pause Cleanup
[2025-04-08T14:47:18.334+0200][gc          ] GC(2) Pause Cleanup 11M->11M(1024M) 0.025ms
[2025-04-08T14:47:18.334+0200][gc,cpu      ] GC(2) User=0.00s Sys=0.00s Real=0.00s
[2025-04-08T14:47:18.334+0200][gc,marking  ] GC(2) Concurrent Clear Claimed Marks
[2025-04-08T14:47:18.334+0200][gc,marking  ] GC(2) Concurrent Clear Claimed Marks 0.020ms
[2025-04-08T14:47:18.334+0200][gc,marking  ] GC(2) Concurrent Cleanup for Next Mark
[2025-04-08T14:47:18.338+0200][gc,marking  ] GC(2) Concurrent Cleanup for Next Mark 3.342ms
[2025-04-08T14:47:18.338+0200][gc          ] GC(2) Concurrent Mark Cycle 8.609ms
[2025-04-08T14:47:19.062+0200][gc,start    ] GC(3) Pause Young (Normal) (G1 Evacuation Pause)
[2025-04-08T14:47:19.062+0200][gc,task     ] GC(3) Using 6 workers of 6 for evacuation
[2025-04-08T14:47:19.066+0200][gc,phases   ] GC(3)   Pre Evacuate Collection Set: 0.1ms
[2025-04-08T14:47:19.066+0200][gc,phases   ] GC(3)   Merge Heap Roots: 0.1ms
[2025-04-08T14:47:19.066+0200][gc,phases   ] GC(3)   Evacuate Collection Set: 2.9ms
[2025-04-08T14:47:19.066+0200][gc,phases   ] GC(3)   Post Evacuate Collection Set: 0.7ms
[2025-04-08T14:47:19.066+0200][gc,phases   ] GC(3)   Other: 0.1ms
[2025-04-08T14:47:19.066+0200][gc,heap     ] GC(3) Eden regions: 49->0(44)
[2025-04-08T14:47:19.066+0200][gc,heap     ] GC(3) Survivor regions: 2->7(7)
[2025-04-08T14:47:19.066+0200][gc,heap     ] GC(3) Old regions: 9->9
[2025-04-08T14:47:19.066+0200][gc,heap     ] GC(3) Humongous regions: 0->0
[2025-04-08T14:47:19.066+0200][gc,metaspace] GC(3) Metaspace: 34045K(34496K)->34045K(34496K) NonClass: 30144K(30400K)->30144K(30400K) Class: 3900K(4096K)->3900K(4096K)
[2025-04-08T14:47:19.066+0200][gc          ] GC(3) Pause Young (Normal) (G1 Evacuation Pause) 59M->15M(1024M) 4.097ms
[2025-04-08T14:47:19.066+0200][gc,cpu      ] GC(3) User=0.00s Sys=0.00s Real=0.00s
[2025-04-08T14:47:19.178+0200][gc,start    ] GC(4) Pause Young (Concurrent Start) (Metadata GC Threshold)
[2025-04-08T14:47:19.178+0200][gc,task     ] GC(4) Using 6 workers of 6 for evacuation
[2025-04-08T14:47:19.182+0200][gc,phases   ] GC(4)   Pre Evacuate Collection Set: 0.1ms
[2025-04-08T14:47:19.182+0200][gc,phases   ] GC(4)   Merge Heap Roots: 0.0ms
[2025-04-08T14:47:19.182+0200][gc,phases   ] GC(4)   Evacuate Collection Set: 3.0ms
[2025-04-08T14:47:19.182+0200][gc,phases   ] GC(4)   Post Evacuate Collection Set: 0.4ms
[2025-04-08T14:47:19.182+0200][gc,phases   ] GC(4)   Other: 0.1ms
[2025-04-08T14:47:19.182+0200][gc,heap     ] GC(4) Eden regions: 8->0(49)
[2025-04-08T14:47:19.182+0200][gc,heap     ] GC(4) Survivor regions: 7->2(7)
[2025-04-08T14:47:19.182+0200][gc,heap     ] GC(4) Old regions: 9->16
[2025-04-08T14:47:19.182+0200][gc,heap     ] GC(4) Humongous regions: 9->9
[2025-04-08T14:47:19.182+0200][gc,metaspace] GC(4) Metaspace: 35504K(35968K)->35504K(35968K) NonClass: 31410K(31680K)->31410K(31680K) Class: 4093K(4288K)->4093K(4288K)
[2025-04-08T14:47:19.182+0200][gc          ] GC(4) Pause Young (Concurrent Start) (Metadata GC Threshold) 31M->25M(1024M) 3.854ms
[2025-04-08T14:47:19.182+0200][gc          ] GC(5) Concurrent Mark Cycle
[2025-04-08T14:47:19.182+0200][gc,cpu      ] GC(4) User=0.00s Sys=0.00s Real=0.00s
[2025-04-08T14:47:19.182+0200][gc,marking  ] GC(5) Concurrent Scan Root Regions
[2025-04-08T14:47:19.184+0200][gc,marking  ] GC(5) Concurrent Scan Root Regions 2.545ms
[2025-04-08T14:47:19.184+0200][gc,marking  ] GC(5) Concurrent Mark
[2025-04-08T14:47:19.185+0200][gc,marking  ] GC(5) Concurrent Mark From Roots
[2025-04-08T14:47:19.185+0200][gc,task     ] GC(5) Using 2 workers of 2 for marking
[2025-04-08T14:47:19.189+0200][gc,marking  ] GC(5) Concurrent Mark From Roots 4.643ms
[2025-04-08T14:47:19.189+0200][gc,marking  ] GC(5) Concurrent Preclean
[2025-04-08T14:47:19.189+0200][gc,marking  ] GC(5) Concurrent Preclean 0.065ms
[2025-04-08T14:47:19.189+0200][gc,start    ] GC(5) Pause Remark
[2025-04-08T14:47:19.191+0200][gc          ] GC(5) Pause Remark 26M->26M(1024M) 1.808ms
[2025-04-08T14:47:19.191+0200][gc,cpu      ] GC(5) User=0.00s Sys=0.00s Real=0.00s
[2025-04-08T14:47:19.191+0200][gc,marking  ] GC(5) Concurrent Mark 6.845ms
[2025-04-08T14:47:19.191+0200][gc,marking  ] GC(5) Concurrent Rebuild Remembered Sets and Scrub Regions
[2025-04-08T14:47:19.195+0200][gc,marking  ] GC(5) Concurrent Rebuild Remembered Sets and Scrub Regions 3.276ms
[2025-04-08T14:47:19.195+0200][gc,start    ] GC(5) Pause Cleanup
[2025-04-08T14:47:19.195+0200][gc          ] GC(5) Pause Cleanup 26M->26M(1024M) 0.105ms
[2025-04-08T14:47:19.195+0200][gc,cpu      ] GC(5) User=0.00s Sys=0.00s Real=0.00s
[2025-04-08T14:47:19.195+0200][gc,marking  ] GC(5) Concurrent Clear Claimed Marks
[2025-04-08T14:47:19.195+0200][gc,marking  ] GC(5) Concurrent Clear Claimed Marks 0.045ms
[2025-04-08T14:47:19.195+0200][gc,marking  ] GC(5) Concurrent Cleanup for Next Mark
[2025-04-08T14:47:19.198+0200][gc,marking  ] GC(5) Concurrent Cleanup for Next Mark 2.955ms
[2025-04-08T14:47:19.198+0200][gc          ] GC(5) Concurrent Mark Cycle 16.101ms
[2025-04-08T14:47:19.620+0200][gc,start    ] GC(6) Pause Young (Prepare Mixed) (G1 Evacuation Pause)
[2025-04-08T14:47:19.620+0200][gc,task     ] GC(6) Using 6 workers of 6 for evacuation
[2025-04-08T14:47:19.625+0200][gc,phases   ] GC(6)   Pre Evacuate Collection Set: 0.2ms
[2025-04-08T14:47:19.625+0200][gc,phases   ] GC(6)   Merge Heap Roots: 0.0ms
[2025-04-08T14:47:19.625+0200][gc,phases   ] GC(6)   Evacuate Collection Set: 3.7ms
[2025-04-08T14:47:19.625+0200][gc,phases   ] GC(6)   Post Evacuate Collection Set: 0.6ms
[2025-04-08T14:47:19.625+0200][gc,phases   ] GC(6)   Other: 0.1ms
[2025-04-08T14:47:19.625+0200][gc,heap     ] GC(6) Eden regions: 49->0(44)
[2025-04-08T14:47:19.625+0200][gc,heap     ] GC(6) Survivor regions: 2->7(7)
[2025-04-08T14:47:19.625+0200][gc,heap     ] GC(6) Old regions: 16->17
[2025-04-08T14:47:19.625+0200][gc,heap     ] GC(6) Humongous regions: 9->9
[2025-04-08T14:47:19.625+0200][gc,metaspace] GC(6) Metaspace: 43355K(44224K)->43355K(44224K) NonClass: 38339K(38848K)->38339K(38848K) Class: 5015K(5376K)->5015K(5376K)
[2025-04-08T14:47:19.625+0200][gc          ] GC(6) Pause Young (Prepare Mixed) (G1 Evacuation Pause) 74M->32M(1024M) 4.870ms
[2025-04-08T14:47:19.625+0200][gc,cpu      ] GC(6) User=0.08s Sys=0.00s Real=0.01s
[2025-04-08T14:47:29.523+0200][gc,heap,exit] Heap
[2025-04-08T14:47:29.523+0200][gc,heap,exit]  garbage-first heap   total 1048576K, used 183631K [0x00000000c0000000, 0x0000000100000000)
[2025-04-08T14:47:29.523+0200][gc,heap,exit]   region size 1024K, 26 young (26624K), 7 survivors (7168K)
[2025-04-08T14:47:29.523+0200][gc,heap,exit]  Metaspace       used 45162K, committed 46144K, reserved 1114112K
[2025-04-08T14:47:29.523+0200][gc,heap,exit]   class space    used 5336K, committed 5760K, reserved 1048576K
